// Jest Snapshot v1, https://goo.gl/fbAQLP

exports[`ArticleSubtitle atom tests ArticleSubtitle component render 1`] = `
<div
  class="subtitle"
>
  This is a subtitle
</div>
`;
