// Jest Snapshot v1, https://goo.gl/fbAQLP

exports[`ArticleAction atom tests ArticleAction component render 1`] = `
<a
  class="article-action"
>
   
  ARTICLE ACTION
   
</a>
`;
