// Jest Snapshot v1, https://goo.gl/fbAQLP

exports[`PageHeader atom tests PageHeader component render 1`] = `
<header>
  <div
    class="banner"
  >
    “The New York Times” article search application
  </div>
</header>
`;
