// Jest Snapshot v1, https://goo.gl/fbAQLP

exports[`ArticlePage atom tests ArticlePage component render 1`] = ` `;
