// Jest Snapshot v1, https://goo.gl/fbAQLP

exports[`SearchButton atom tests SearchButton component render 1`] = `
<button
  class="clear-button"
  type="reset"
>
  clear
</button>
`;
