// Jest Snapshot v1, https://goo.gl/fbAQLP

exports[`SearchBar component tests SearchBar component render 1`] = `
<div
  class="header-wrapper"
>
  <div
    class="search-wrapper"
  >
    <h2>
      Type search query term in here: 
    </h2>
    <div
      class="search"
    >
      <input
        class="search-term"
        placeholder="What are you looking for?"
        type="text"
        value="This is an input"
      />
      <button
        class="search-button"
        type="submit"
      >
        <i
          class="fas fa-search"
        />
      </button>
    </div>
  </div>
</div>
`;
