// Jest Snapshot v1, https://goo.gl/fbAQLP

exports[`ArticleDescription atom tests ArticleDescription component render 1`] = `
<div
  class="description"
>
  This is a description
</div>
`;
